// Jest Snapshot v1, https://goo.gl/fbAQLP

exports[`<GridText /> should render grid section with background 1`] = `
.c4 {
  color: #ffffff;
  font-size: 6.4rem;
  text-transform: uppercase;
}

.c9 {
  color: #ffffff;
  font-size: 3.2rem;
  text-transform: none;
}

.c1 {
  max-width: 120rem;
  margin: 0 auto;
  padding: 3.2rem;
  width: 100%;
}

.c0 {
  background: #ffffff;
  color: #0a1128;
  background: #0a1128;
  color: #ffffff;
  min-height: 100vh;
  display: -webkit-box;
  display: -webkit-flex;
  display: -ms-flexbox;
  display: flex;
  -webkit-align-items: center;
  -webkit-box-align: center;
  -ms-flex-align: center;
  align-items: center;
}

.c6 {
  font-size: 2.4rem;
}

.c2 .c5 {
  margin-bottom: 6.4rem;
}

.c7 {
  counter-reset: grid-counter;
  display: grid;
  grid-template-columns: repeat(auto-fill,minmax(280px,1fr));
  gap: 3.2rem;
}

.c8 .c3 {
  position: relative;
  left: 5rem;
}

.c8 .c3::before {
  counter-increment: grid-counter;
  content: counter(grid-counter);
  position: absolute;
  font-size: 6.4rem;
  top: -3rem;
  left: -5rem;
  -webkit-transform: rotate(5deg);
  -ms-transform: rotate(5deg);
  transform: rotate(5deg);
}

@media (max-width:768px) {
  .c7 {
    grid-template-columns: 1fr;
  }
}

<div>
  <div
    class="c0"
    id=""
  >
    <div
      class="c1"
    >
      <div
        class="c2"
      >
        <h2
          class="c3 c4"
        >
          My grid
        </h2>
        <div
          class="c5 c6"
        >
          Etiam a sapien vitae nisi accumsan aliquet. Quisque pellentesque facilisis lacus, eu iaculis ligula cursus eget.
        </div>
        <div
          class="c7"
        >
          <div
            class="c8"
          >
            <h3
              class="c3 c9"
            >
              Teste 1
            </h3>
            <div
              class="c5 c6"
            >
              Lorem ipsum dolor sit amet, consectetur adipiscing elit. Nulla sit amet dui a nisl molestie mollis. Quisque aliquet, purus at commodo tincidunt, sem orci molestie libero, pretium laoreet sapien sem vel dui. Pellentesque habitant morbi tristique senectus et netus et malesuada fames ac turpis egestas. Morbi id rutrum mauris. Nullam condimentum egestas urna, ac auctor turpis faucibus nec. Donec sit amet laoreet libero. Vivamus imperdiet nibh ut mollis placerat. Etiam egestas tempor scelerisque. Phasellus nunc neque, cursus eu orci vel, dictum molestie est.
            </div>
          </div>
          <div
            class="c8"
          >
            <h3
              class="c3 c9"
            >
              Teste 2
            </h3>
            <div
              class="c5 c6"
            >
              Lorem ipsum dolor sit amet, consectetur adipiscing elit. Nulla sit amet dui a nisl molestie mollis. Quisque aliquet, purus at commodo tincidunt, sem orci molestie libero, pretium laoreet sapien sem vel dui. Pellentesque habitant morbi tristique senectus et netus et malesuada fames ac turpis egestas. Morbi id rutrum mauris. Nullam condimentum egestas urna, ac auctor turpis faucibus nec. Donec sit amet laoreet libero. Vivamus imperdiet nibh ut mollis placerat. Etiam egestas tempor scelerisque. Phasellus nunc neque, cursus eu orci vel, dictum molestie est.
            </div>
          </div>
          <div
            class="c8"
          >
            <h3
              class="c3 c9"
            >
              Teste 3
            </h3>
            <div
              class="c5 c6"
            >
              Lorem ipsum dolor sit amet, consectetur adipiscing elit. Nulla sit amet dui a nisl molestie mollis. Quisque aliquet, purus at commodo tincidunt, sem orci molestie libero, pretium laoreet sapien sem vel dui. Pellentesque habitant morbi tristique senectus et netus et malesuada fames ac turpis egestas. Morbi id rutrum mauris. Nullam condimentum egestas urna, ac auctor turpis faucibus nec. Donec sit amet laoreet libero. Vivamus imperdiet nibh ut mollis placerat. Etiam egestas tempor scelerisque. Phasellus nunc neque, cursus eu orci vel, dictum molestie est.
            </div>
          </div>
        </div>
      </div>
    </div>
  </div>
</div>
`;

exports[`<GridText /> should render grid section without background 1`] = `
.c4 {
  color: #0a1128;
  font-size: 6.4rem;
  text-transform: uppercase;
}

.c9 {
  color: #0a1128;
  font-size: 3.2rem;
  text-transform: none;
}

.c1 {
  max-width: 120rem;
  margin: 0 auto;
  padding: 3.2rem;
  width: 100%;
}

.c0 {
  background: #ffffff;
  color: #0a1128;
  min-height: 100vh;
  display: -webkit-box;
  display: -webkit-flex;
  display: -ms-flexbox;
  display: flex;
  -webkit-align-items: center;
  -webkit-box-align: center;
  -ms-flex-align: center;
  align-items: center;
}

.c6 {
  font-size: 2.4rem;
}

.c2 .c5 {
  margin-bottom: 6.4rem;
}

.c7 {
  counter-reset: grid-counter;
  display: grid;
  grid-template-columns: repeat(auto-fill,minmax(280px,1fr));
  gap: 3.2rem;
}

.c8 .c3 {
  position: relative;
  left: 5rem;
}

.c8 .c3::before {
  counter-increment: grid-counter;
  content: counter(grid-counter);
  position: absolute;
  font-size: 6.4rem;
  top: -3rem;
  left: -5rem;
  -webkit-transform: rotate(5deg);
  -ms-transform: rotate(5deg);
  transform: rotate(5deg);
}

@media (max-width:768px) {
  .c7 {
    grid-template-columns: 1fr;
  }
}

<div>
  <div
    class="c0"
    id=""
  >
    <div
      class="c1"
    >
      <div
        class="c2"
      >
        <h2
          class="c3 c4"
        >
          My grid
        </h2>
        <div
          class="c5 c6"
        >
          Etiam a sapien vitae nisi accumsan aliquet. Quisque pellentesque facilisis lacus, eu iaculis ligula cursus eget.
        </div>
        <div
          class="c7"
        >
          <div
            class="c8"
          >
            <h3
              class="c3 c9"
            >
              Teste 1
            </h3>
            <div
              class="c5 c6"
            >
              Lorem ipsum dolor sit amet, consectetur adipiscing elit. Nulla sit amet dui a nisl molestie mollis. Quisque aliquet, purus at commodo tincidunt, sem orci molestie libero, pretium laoreet sapien sem vel dui. Pellentesque habitant morbi tristique senectus et netus et malesuada fames ac turpis egestas. Morbi id rutrum mauris. Nullam condimentum egestas urna, ac auctor turpis faucibus nec. Donec sit amet laoreet libero. Vivamus imperdiet nibh ut mollis placerat. Etiam egestas tempor scelerisque. Phasellus nunc neque, cursus eu orci vel, dictum molestie est.
            </div>
          </div>
          <div
            class="c8"
          >
            <h3
              class="c3 c9"
            >
              Teste 2
            </h3>
            <div
              class="c5 c6"
            >
              Lorem ipsum dolor sit amet, consectetur adipiscing elit. Nulla sit amet dui a nisl molestie mollis. Quisque aliquet, purus at commodo tincidunt, sem orci molestie libero, pretium laoreet sapien sem vel dui. Pellentesque habitant morbi tristique senectus et netus et malesuada fames ac turpis egestas. Morbi id rutrum mauris. Nullam condimentum egestas urna, ac auctor turpis faucibus nec. Donec sit amet laoreet libero. Vivamus imperdiet nibh ut mollis placerat. Etiam egestas tempor scelerisque. Phasellus nunc neque, cursus eu orci vel, dictum molestie est.
            </div>
          </div>
          <div
            class="c8"
          >
            <h3
              class="c3 c9"
            >
              Teste 3
            </h3>
            <div
              class="c5 c6"
            >
              Lorem ipsum dolor sit amet, consectetur adipiscing elit. Nulla sit amet dui a nisl molestie mollis. Quisque aliquet, purus at commodo tincidunt, sem orci molestie libero, pretium laoreet sapien sem vel dui. Pellentesque habitant morbi tristique senectus et netus et malesuada fames ac turpis egestas. Morbi id rutrum mauris. Nullam condimentum egestas urna, ac auctor turpis faucibus nec. Donec sit amet laoreet libero. Vivamus imperdiet nibh ut mollis placerat. Etiam egestas tempor scelerisque. Phasellus nunc neque, cursus eu orci vel, dictum molestie est.
            </div>
          </div>
        </div>
      </div>
    </div>
  </div>
</div>
`;
