// Jest Snapshot v1, https://goo.gl/fbAQLP

exports[`<GridTwoColumns /> should render two columns grid 1`] = `
.c5 {
  color: #0a1128;
  font-size: 5.6rem;
  text-transform: uppercase;
}

.c1 {
  max-width: 120rem;
  margin: 0 auto;
  padding: 3.2rem;
  width: 100%;
}

.c0 {
  background: #ffffff;
  color: #0a1128;
  min-height: 100vh;
  display: -webkit-box;
  display: -webkit-flex;
  display: -ms-flexbox;
  display: flex;
  -webkit-align-items: center;
  -webkit-box-align: center;
  -ms-flex-align: center;
  align-items: center;
}

.c6 {
  font-size: 2.4rem;
}

.c2 {
  display: grid;
  grid-template-columns: 1fr 2fr;
  -webkit-align-items: center;
  -webkit-box-align: center;
  -ms-flex-align: center;
  align-items: center;
  gap: 3.2rem;
}

.c2 .c4 {
  margin-bottom: 4.0rem;
}

@media (max-width:768px) {
  .c2 {
    grid-template-columns: 1fr;
    text-align: center;
  }
}

@media (max-width:768px) {
  .c3 {
    margin-bottom: 3.2rem;
  }
}

<div>
  <div
    class="c0"
    id=""
  >
    <div
      class="c1"
    >
      <div
        class="c2"
      >
        <div
          class="c3"
        >
          <h2
            class="c4 c5"
          >
            GridTwoColumns
          </h2>
          <div
            class="c6"
          >
             Lorem ipsum dolor sit amet, consectetur adipiscing elit, sed do eiusmod tempor incididunt ut labore et
          dolore magna aliqua. Ut enim ad minim veniam, quis nostrud exercitation ullamco laboris nisi ut aliquip ex ea
          commodo consequat. Duis aute irure dolor in reprehenderit in voluptate velit esse cillum dolore eu fugiat
          nulla pariatur. Excepteur sint occaecat cupidatat non proident, sunt in culpa qui officia deserunt mollit anim
          id est laborum. 
          </div>
        </div>
        <div
          class=""
        >
          <img
            alt="GridTwoColumns"
            class=""
            src="assets/images/javascript.svg"
          />
        </div>
      </div>
    </div>
  </div>
</div>
`;
