// Jest Snapshot v1, https://goo.gl/fbAQLP

exports[`<GoTop /> should render a go to top button 1`] = `
.c1 {
  display: inline-block;
  vertical-align: middle;
  overflow: hidden;
}

.c0 {
  position: fixed;
  background: #0a1128;
  color: #ffffff;
  display: -webkit-box;
  display: -webkit-flex;
  display: -ms-flexbox;
  display: flex;
  -webkit-align-items: center;
  -webkit-box-align: center;
  -ms-flex-align: center;
  align-items: center;
  -webkit-box-pack: center;
  -webkit-justify-contener: center;
  -ms-flex-pack: center;
  justify-contener: center;
  width: 4rem;
  height: 4rem;
  bottom: 2rem;
  right: 2rem;
  z-index: 6;
}

<div>
  <a
    aria-label="Go to top"
    class="c0"
    href="#"
    title="Go to top"
  >
    <svg
      aria-hidden="true"
      class="c1"
      fill="currentColor"
      focusable="false"
      viewBox="0 0 24 24"
      xmlns="http://www.w3.org/2000/svg"
    >
      <path
        d="M0 0h24v24H0V0z"
        fill="none"
      />
      <path
        d="M7.41 15.41L12 10.83l4.59 4.58L18 14l-6-6-6 6 1.41 1.41z"
      />
    </svg>
  </a>
</div>
`;
